[www.kaizenmantra.net/index.html]
[backblue.gif]
[fade.gif]
[index.html]
[www.kaizenmantra.net/blog.html]
[www.kaizenmantra.net/about.html]
[www.kaizenmantra.net/index.html]
[www.kaizenmantra.net/technologyprojects/index.html]
[www.kaizenmantra.net/digitalpersuasion/index.html]
[www.kaizenmantra.net/communicationdesign/index.html]
[www.kaizenmantra.net/designanalysis/index.html]
[www.kaizenmantra.net/businessmodeldesign/index.html]
[www.kaizenmantra.net/datavisualization1/index.html]
[www.kaizenmantra.net/observingusers1/index.html]
[www.kaizenmantra.net/businesscapabilities/index.html]
[www.kaizenmantra.net/portfoliorationalization/index.html]
[www.kaizenmantra.net/blog/salesforce-asp-jsp-edgar-allen-poe.html]
[www.kaizenmantra.net/blog/tag/Consulting.html]
[www.kaizenmantra.net/blog/tag/Architecture.html]
[www.kaizenmantra.net/blog/tag/Enterprise+Architecture.html]
[www.kaizenmantra.net/blog/tag/Software+DevelopmentProject+ManagementInformation+TechnologySalesforceCRM.html]
[www.kaizenmantra.net/blog/2019/12/28/k1o8ed0xx1h04d5tyfowjok2a5q87o.html]
[www.kaizenmantra.net/blog/2018/11/28/business-models-of-self-driving-cars-part-1.html]
[www.kaizenmantra.net/blog/category/Innovation.html]
[www.kaizenmantra.net/blog/category/Management.html]
[www.kaizenmantra.net/blog/category/Strategy.html]
[www.kaizenmantra.net/blog/tag/Autonomous.html]
[www.kaizenmantra.net/blog/tag/Self-driving.html]
[www.kaizenmantra.net/blog/tag/Tesla.html]
[www.kaizenmantra.net/blog/tag/Automobile.html]
[www.kaizenmantra.net/blog/2018/10/27/an-ode-to-fall.html]
[www.kaizenmantra.net/blog/2018/9/9/simple-truth-of-successful-projects.html]
[www.kaizenmantra.net/blog/category/Technology.html]
[www.kaizenmantra.net/blog/category/Salesforce.html]
[www.kaizenmantra.net/blog/2015/2/7/making-titanium-studio-shortcut-on-ubuntu-1404lts.html]
[www.kaizenmantra.net/blog/category/Programming.html]
[www.kaizenmantra.net/blog/category/Titanium+Appcelerator.html]
[www.kaizenmantra.net/blog/2014/6/13/the-rule-of-three.html]
[www.kaizenmantra.net/blog/category/Musings.html]
[www.kaizenmantra.net/blog/2014/5/20/google-glass-social-design-challenge.html]
[www.kaizenmantra.net/blog/2014/1/13/native-mobile-app-for-salesforce-communities-part-4-integration.html]
[www.kaizenmantra.net/blog/category/JavaScript.html]
[www.kaizenmantra.net/blog/category/Mobile.html]
[www.kaizenmantra.net/blog/2014/1/9/native-mobile-app-for-salesforce-communities-part-3-mobile-ui-design.html]
[www.kaizenmantra.net/blog/2013/12/24/native-mobile-app-for-salesforce-communities-part-2-authentication.html]
[www.kaizenmantra.net/blog/2013/12/15/native-mobile-app-for-salesforce-communities-part-1.html]
[www.kaizenmantra.net/blog/2013/12/13/plain-english-internet-of-things-architecture-part-4.html]
[www.kaizenmantra.net/blog/category/Connected+Devices.html]
[www.kaizenmantra.net/blog/category/Internet+Of+Things.html]
[www.kaizenmantra.net/blog/2013/12/12/plain-english-internet-of-things-architecture-part-3.html]
[www.kaizenmantra.net/blog/2013/12/13/plain-english-internet-of-things-architecture-part-2.html]
[www.kaizenmantra.net/blog/2013/12/11/an-english-version-of-the-internet-of-things-part-1.html]
[www.kaizenmantra.net/blog/2013/12/9/from-idea-to-mobile-app-ux-design-and-prototyping-framework.html]
[www.kaizenmantra.net/blog/category/Design.html]
[www.kaizenmantra.net/blog/category/User+Experience.html]
[www.kaizenmantra.net/blog/sl8.com/2013/12/how-inccom-lost-my-trust.html]
[www.kaizenmantra.net/blog/category/Privacy.html]
[www.kaizenmantra.net/blog/sl8.com/2013/11/changing-file-explorer-font-size-on.html]
[www.kaizenmantra.net/blog/sl8.com/2013/07/white-glyphish-icons-for-download.html]
[www.kaizenmantra.net/blog/category/Interface+Design.html]
[www.kaizenmantra.net/blog.html]
[www.kaizenmantra.net/about.html]
[www.kaizenmantra.net/businessmodeldesign/index.html]
[www.kaizenmantra.net/technologyprojects/index.html]
[www.kaizenmantra.net/digitalpersuasion/index.html]
[www.kaizenmantra.net/designanalysis/index.html]
[www.kaizenmantra.net/communicationdesign/index.html]
[www.kaizenmantra.net/datavisualization1/index.html]
[www.kaizenmantra.net/observingusers1/index.html]
[www.kaizenmantra.net/businesscapabilities/index.html]
[www.kaizenmantra.net/portfoliorationalization/index.html]
[www.kaizenmantra.net/blog3e20.html]
[www.kaizenmantra.net/blog/salesforce-asp-jsp-edgar-allen-poe22c8.html]
[www.kaizenmantra.net/blog/salesforce-asp-jsp-edgar-allen-poe.html]
[www.kaizenmantra.net/blog/tag/Consulting.html]
[www.kaizenmantra.net/blog/tag/Architecture.html]
[www.kaizenmantra.net/blog/tag/Enterprise+Architecture.html]
[www.kaizenmantra.net/blog/tag/Software+DevelopmentProject+ManagementInformation+TechnologySalesforceCRM.html]
[www.kaizenmantra.net/blog/2019/12/28/k1o8ed0xx1h04d5tyfowjok2a5q87o22c8.html]
[www.kaizenmantra.net/blog/2019/12/28/k1o8ed0xx1h04d5tyfowjok2a5q87o.html]
[www.kaizenmantra.net/blog/2018/11/28/business-models-of-self-driving-cars-part-122c8.html]
[www.kaizenmantra.net/blog/2018/11/28/business-models-of-self-driving-cars-part-1.html]
[www.kaizenmantra.net/blog/sl8.com/2011/10/remembering-steve-jobs.html]
[www.kaizenmantra.net/blog/category/Apple.html]
[www.kaizenmantra.net/blog/category/Inspiration.html]
[www.kaizenmantra.net/blog/2011/03/product-designers-vs-backoffice-guyshtml.html]
[www.kaizenmantra.net/blog/sl8.com/2010/09/what-will-we-build.html]
[www.kaizenmantra.net/blog/2010/09/what-not-to-do-with-something-reallyhtml.html]
[www.kaizenmantra.net/blog/sl8.com/2010/01/future-of-app-development-forcecom.html]
[www.kaizenmantra.net/blog/sl8.com/2009/10/what-would-online-search-do.html]
[www.kaizenmantra.net/blog/category/_Google_.46.delayed]
[www.kaizenmantra.net/blog/category/Microsoft.html]
[www.kaizenmantra.net/blog/sl8.com/2009/10/open-source-bi-on-cloud.html]
[www.kaizenmantra.net/blog/category/_Open+Source_.49.delayed]
[www.kaizenmantra.net/blog/sl8.com/2009/09/yahoo-boss-someone-was-thinking-blue.html]
[www.kaizenmantra.net/blog/2009/05/love-is-in-airhtml.html]
[www.kaizenmantra.net/blog/sl8.com/2008/11/beyond-good-enough-pictorial.html]
[www.kaizenmantra.net/blog/sl8.com/2008/06/beyond-good-enough.html]
[www.kaizenmantra.net/blog/sl8.com/2008/06/why-good-enough-is-not-good-enough.html]
[www.kaizenmantra.net/blog/sl8.com/2008/06/iphone-mimiquewhy-open-source-can-be-so.html]
[www.kaizenmantra.net/blog/category/_Android_.50.delayed]
[www.kaizenmantra.net/blog/sl8.com/2008/06/rule-of-two-product-design-heuristics.html]
[www.kaizenmantra.net/blog/sl8.com/2008/06/duct-tape-saving-world-from-bad-design.html]
[www.kaizenmantra.net/blog/category/_Duct+Tape_.53.delayed]
[www.kaizenmantra.net/blog/sl8.com/2008/05/integration-next-compass-feature-of.html]
[www.kaizenmantra.net/blog/sl8.com/2008/05/integration-next-physical-objects.html]
[www.kaizenmantra.net/blog/sl8.com/2008/05/new-opportunities.html]
[www.kaizenmantra.net/blog/category/_Sustainability_.57.delayed]
[www.kaizenmantra.net/blog/category/Innovation.html]
[www.kaizenmantra.net/blog62c4.html]
[www.kaizenmantra.net/blog/2010/12/spiderman-pjs-on-southwest-airlineshtml.html]
[www.kaizenmantra.net/blog/category/Customer+Service.html]
[www.kaizenmantra.net/blog/sl8.com/2010/05/get-it-doneeven-if-it-aint-perfect.html]
[www.kaizenmantra.net/blog/sl8.com/2009/07/its-people-stupid.html]
[www.kaizenmantra.net/blog/2009/07/good-to-great-hsbc-india-branch-locatorhtml.html]
[www.kaizenmantra.net/blog/2009/05/recessionwhat-recession-conditionshtml.html]
[www.kaizenmantra.net/blog/2009/04/see-something-do-somethinghtml.html]
[www.kaizenmantra.net/blog/2009/02/get-out-of-my-way-just-fax-maamhtml.html]
[www.kaizenmantra.net/blog/category/Management.html]
[www.kaizenmantra.net/blog/category/Strategy.html]
[www.kaizenmantra.net/blog/tag/Autonomous.html]
[www.kaizenmantra.net/blog/tag/Self-driving.html]
[www.kaizenmantra.net/blog/tag/Tesla.html]
[www.kaizenmantra.net/blog/tag/Automobile.html]
[www.kaizenmantra.net/blog/sl8.com/2008/06/contrarian-viewpointwhy-good-enough-is.html]
[www.kaizenmantra.net/blog/2018/10/27/an-ode-to-fall22c8.html]
[www.kaizenmantra.net/blog/2018/10/27/an-ode-to-fall.html]
[www.kaizenmantra.net/blog/2018/9/9/simple-truth-of-successful-projects22c8.html]
[www.kaizenmantra.net/blog/2018/9/9/simple-truth-of-successful-projects.html]
[www.kaizenmantra.net/blog/2012/11/responsive-web-design-options-forhtml.html]
[www.kaizenmantra.net/blog/category/HTML5.html]
[www.kaizenmantra.net/blog/sl8.com/2012/08/mobile-apps-backend-as-service.html]
[www.kaizenmantra.net/blog/sl8.com/2012/07/mobile-apps-saving-user-preferences.html]
[www.kaizenmantra.net/blog/sl8.com/2011/12/html5-for-mobile-comparing-jquerymobile.html]
[www.kaizenmantra.net/blog/2011/01/unhelpful-error-messages-anybodyhtml.html]
[www.kaizenmantra.net/blog/2010/09/look-ma-no-directionshtml.html]
[www.kaizenmantra.net/blog/category/Usability.html]
[www.kaizenmantra.net/blog/2010/09/techie-post-using-net-colors-class-withhtml.html]
[www.kaizenmantra.net/blog/category/_Silverlight_.6d.delayed]
[www.kaizenmantra.net/blog/sl8.com/2010/01/for-adobe-as3-xmlns-non-sense_12.html]
[www.kaizenmantra.net/blog/category/_Adobe_.6f.delayed]
[www.kaizenmantra.net/blog/category/Technology.html]
[www.kaizenmantra.net/blog/category/Salesforce.html]
[www.kaizenmantra.net/blog899c.html]
[www.kaizenmantra.net/blog/2015/2/7/making-titanium-studio-shortcut-on-ubuntu-1404lts22c8.html]
[www.kaizenmantra.net/blog/2015/2/7/making-titanium-studio-shortcut-on-ubuntu-1404lts.html]
[www.kaizenmantra.net/blog/category/Programming.html]
[www.kaizenmantra.net/blog/category/Titanium+Appcelerator.html]
[www.kaizenmantra.net/blog/2014/6/13/the-rule-of-three22c8.html]
[www.kaizenmantra.net/blog/2014/6/13/the-rule-of-three.html]
[www.kaizenmantra.net/blog/category/Musings.html]
[www.kaizenmantra.net/blog/sl8.com/2013/02/the-hardest-thing-to-do-is-doing-what.html]
[www.kaizenmantra.net/blog/2014/5/20/google-glass-social-design-challenge22c8.html]
[www.kaizenmantra.net/blog/2014/5/20/google-glass-social-design-challenge.html]
[www.kaizenmantra.net/blog/2014/1/13/native-mobile-app-for-salesforce-communities-part-4-integration22c8.html]
[www.kaizenmantra.net/blog/2014/1/13/native-mobile-app-for-salesforce-communities-part-4-integration.html]
[www.kaizenmantra.net/blog/category/JavaScript.html]
[www.kaizenmantra.net/blog/category/Mobile.html]
[www.kaizenmantra.net/blog/sl8.com/2012/02/html5-mobile-apps-builder-easy-peasy.html]
[www.kaizenmantra.net/blog/2014/1/9/native-mobile-app-for-salesforce-communities-part-3-mobile-ui-design22c8.html]
[www.kaizenmantra.net/blog/2014/1/9/native-mobile-app-for-salesforce-communities-part-3-mobile-ui-design.html]
[www.kaizenmantra.net/blog/2013/12/24/native-mobile-app-for-salesforce-communities-part-2-authentication22c8.html]
[www.kaizenmantra.net/blog/2013/12/24/_http_/bit.ly/1czzaHz___span_Understanding.79.delayed]
[www.kaizenmantra.net/blog/2013/12/24/native-mobile-app-for-salesforce-communities-part-2-authentication.html]
[www.kaizenmantra.net/blog/2013/12/15/native-mobile-app-for-salesforce-communities-part-122c8.html]
[www.kaizenmantra.net/blog/2013/12/15/_http_/bit.ly/1fGzl2o__Communities.7b.delayed]
[www.kaizenmantra.net/blog/2013/12/15/_http_/bit.ly/1e9xkdn__Salesforce1.7c.delayed]
[www.kaizenmantra.net/blog/2013/12/15/_http_/bit.ly/1gAAADk__Salesforce.7d.delayed]
[www.kaizenmantra.net/blog/2013/12/15/_http_/bit.ly/1fog4lr__Titanium.7e.delayed]
[www.kaizenmantra.net/blog/2013/12/15/native-mobile-app-for-salesforce-communities-part-1.html]
[www.kaizenmantra.net/blog/2013/12/13/plain-english-internet-of-things-architecture-part-422c8.html]
[www.kaizenmantra.net/blog/2013/12/13/_http_/bit.ly/1ig3Qj7__Automatic.80.delayed]
[www.kaizenmantra.net/blog/2013/12/13/_http_/creativecommons.org/licenses/by-sa/4.0/__Creative.81.delayed]
[www.kaizenmantra.net/blog/2013/12/13/_https_/nest.com/__Nest_/a__/p__.82.delayed]
[www.kaizenmantra.net/blog/2013/12/13/_http_/bit.ly/1d6w5Nm__Salesforce1_/a__/p__.83.delayed]
[www.kaizenmantra.net/blog/2013/12/13/_http_/blog.broadcom.com/wireless-technology/exploring-wiceds-wearables-the-open-frontier-of-the-internet-of-things/__The.84.delayed]
[www.kaizenmantra.net/blog/2013/12/13/plain-english-internet-of-things-architecture-part-4.html]
[www.kaizenmantra.net/blog/category/Connected+Devices.html]
[www.kaizenmantra.net/blog/category/Internet+Of+Things.html]
[www.kaizenmantra.net/blog/2013/12/12/plain-english-internet-of-things-architecture-part-322c8.html]
[www.kaizenmantra.net/blog/2013/12/12/_http_/creativecommons.org/licenses/by-sa/4.0/__Creative.86.delayed]
[www.kaizenmantra.net/blog/2013/12/12/_http_/bit.ly/1bK7iOW__Etherios.87.delayed]
[www.kaizenmantra.net/blog/2013/12/12/_http_/bit.ly/1gutd02__Machine.88.delayed]
[www.kaizenmantra.net/blog/2013/12/12/plain-english-internet-of-things-architecture-part-3.html]
[www.kaizenmantra.net/blog/2013/12/13/plain-english-internet-of-things-architecture-part-222c8.html]
[www.kaizenmantra.net/blog/2013/12/13/_http_/www.etherios.com/products/devicecloud/__Etherios.8a.delayed]
[www.kaizenmantra.net/blog/2013/12/13/_http_/www.axeda.com/products/m2m-connectivity__Axeda.8b.delayed]
[www.kaizenmantra.net/blog/2013/12/13/_http_/newsinternational.github.io/iot-assistant/__sample.8c.delayed]
[www.kaizenmantra.net/blog/2013/12/13/_https_/www.heroku.com/__Heroku_/a__/p__.8d.delayed]
[www.kaizenmantra.net/blog/2013/12/13/plain-english-internet-of-things-architecture-part-2.html]
[www.kaizenmantra.net/blog/2013/12/11/an-english-version-of-the-internet-of-things-part-122c8.html]
[www.kaizenmantra.net/blog/2013/12/11/_http_/bit.ly/18VtW8k__Why.8f.delayed]
[www.kaizenmantra.net/blog/2013/12/11/_http_/creativecommons.org/licenses/by-sa/4.0/__Creative.90.delayed]
[www.kaizenmantra.net/blog/2013/12/11/_http_/bit.ly/Jl9t1h__Electric.91.delayed]
[www.kaizenmantra.net/blog/2013/12/11/_http_/www.libelium.com/__Libelium_/a__/p__/p__.92.delayed]
[www.kaizenmantra.net/blog/2013/12/11/_http_/bigbellysolar.com/solutions/stations/smartbelly/__Bigbelly.93.delayed]
[www.kaizenmantra.net/blog/2013/12/11/_http_/www.mylively.com/__Lively_/a__br.94.delayed]
[www.kaizenmantra.net/blog/2013/12/11/_http_/www.fitbit.com/home__Fitbit_/a__/p__/p__.95.delayed]
[www.kaizenmantra.net/blog/2013/12/11/an-english-version-of-the-internet-of-things-part-1.html]
[www.kaizenmantra.net/blog/2013/12/9/from-idea-to-mobile-app-ux-design-and-prototyping-framework22c8.html]
[www.kaizenmantra.net/blog/2013/12/9/_http_/www.youtube.com/embed/Srb9w8rsYEg.9845e2.delayed]
[www.kaizenmantra.net/blog/2013/12/9/from-idea-to-mobile-app-ux-design-and-prototyping-framework.html]
[www.kaizenmantra.net/blog/2013/05/is-trust-product-of-transparent-intenthtml.html]
[www.kaizenmantra.net/blog/category/Marketing.html]
[www.kaizenmantra.net/blog/2011/04/let-play-image-sliderhtml.html]
[www.kaizenmantra.net/blog/category/Interaction+Design.html]
[www.kaizenmantra.net/blog/2011/04/et-tu-apple-someone-was-asleep-at-wheelhtml.html]
[www.kaizenmantra.net/blog/2011/01/ux-and-softwarehtml.html]
[www.kaizenmantra.net/blog/sl8.com/2010/09/disconnected-ux-no-sales-lost_28.html]
[www.kaizenmantra.net/blog/2010/09/bad-product-design-advertisementhtml.html]
[www.kaizenmantra.net/blog/sl8.com/2009/12/can-they-even-see-your-site.html]
[www.kaizenmantra.net/blog/category/_web_.a2.delayed]
[www.kaizenmantra.net/blog/sl8.com/2009/12/my-10-yrs-old-toothbrush.html]
[www.kaizenmantra.net/blog/sl8.com/2009/09/uxui-for-dummies-screenshot.html]
[www.kaizenmantra.net/blog/2009/02/my-first-silverlight-apphtml.html]
[www.kaizenmantra.net/blog/2009/02/quince-user-experience-explorerhtml.html]
[www.kaizenmantra.net/blog/category/_UX_.a7.delayed]
[www.kaizenmantra.net/blog/category/Design.html]
[www.kaizenmantra.net/blogf577.html]
[www.kaizenmantra.net/blog/2012/05/30/product-centric-or-customer-centric-you-decid.html]
[www.kaizenmantra.net/blog/2010/09/washing-feet-at-niagara-fallshtml.html]
[www.kaizenmantra.net/blog/category/Anthropology.html]
[www.kaizenmantra.net/blog/sl8.com/2010/09/clearly-confused.html]
[www.kaizenmantra.net/blog/sl8.com/2008/05/why-automation-online-ordering-will-not.html]
[www.kaizenmantra.net/blog/category/User+Experience.html]
[www.kaizenmantra.net/blogc290.html]
[www.kaizenmantra.net/blog/sl8.com/2013/12/how-inccom-lost-my-trust22c8.html]
[www.kaizenmantra.net/blog/sl8.com/2013/12/how-inccom-lost-my-trust.html]
[www.kaizenmantra.net/blog/category/Privacy.html]
[www.kaizenmantra.net/blog/sl8.com/2013/11/changing-file-explorer-font-size-on22c8.html]
[www.kaizenmantra.net/blog/sl8.com/2013/11/changing-file-explorer-font-size-on.html]
[www.kaizenmantra.net/blog/sl8.com/2013/07/white-glyphish-icons-for-download22c8.html]
[www.kaizenmantra.net/blog/sl8.com/2013/07/_http_/www.glyphish.com/__Glyphish.com_/a__/p__.b2.delayed]
[www.kaizenmantra.net/blog/sl8.com/2013/07/white-glyphish-icons-for-download.html]
[www.kaizenmantra.net/blog/category/Interface+Design.html]
[www.kaizenmantra.net/blog/sl8.com/2012/07/battle-of-senses-orange-juice-ux.html]
[www.kaizenmantra.net/blog42ef.html]
[www.kaizenmantra.net/blog3e20.html]
[www.kaizenmantra.net/worka409]
[www.kaizenmantra.net/blog/salesforce-asp-jsp-edgar-allen-poe22c8.html]
[www.kaizenmantra.net/blog/2019/12/28/k1o8ed0xx1h04d5tyfowjok2a5q87o22c8.html]
[www.kaizenmantra.net/blog/2018/11/28/business-models-of-self-driving-cars-part-122c8.html]
[www.kaizenmantra.net/blog5036.html]
[www.kaizenmantra.net/blog/sl8.com/2011/10/remembering-steve-jobs22c8.html]
[www.kaizenmantra.net/blog/sl8.com/2011/10/remembering-steve-jobs.html]
[www.kaizenmantra.net/blog/sl8.com/2008/12/grass-on-other-side-of-fence.html]
[www.kaizenmantra.net/blog/category/Apple.html]
[www.kaizenmantra.net/blog/category/Inspiration.html]
[www.kaizenmantra.net/blog/2011/03/product-designers-vs-backoffice-guyshtml22c8.html]
[www.kaizenmantra.net/blog/2011/03/product-designers-vs-backoffice-guyshtml.html]
[www.kaizenmantra.net/blog/sl8.com/2010/09/what-will-we-build22c8.html]
[www.kaizenmantra.net/blog/sl8.com/2010/09/what-will-we-build.html]
[www.kaizenmantra.net/blog/category/_Future_.html]
[www.kaizenmantra.net/blog/2010/09/what-not-to-do-with-something-reallyhtml22c8.html]
[www.kaizenmantra.net/blog/2010/09/what-not-to-do-with-something-reallyhtml.html]
[www.kaizenmantra.net/blog/sl8.com/2010/01/future-of-app-development-forcecom22c8.html]
[www.kaizenmantra.net/blog/sl8.com/2010/01/future-of-app-development-forcecom.html]
[www.kaizenmantra.net/blog/sl8.com/2009/10/what-would-online-search-do22c8.html]
[www.kaizenmantra.net/blog/sl8.com/2009/10/what-would-online-search-do.html]
[www.kaizenmantra.net/blog/category/_Google_.html]
[www.kaizenmantra.net/blog/sl8.com/2009/10/review-stickysorter-free-cardsorter_20.html]
[www.kaizenmantra.net/blog/sl8.com/2009/01/windows-on-mac-virtualbox-techie-post.html]
[www.kaizenmantra.net/blog/category/_VirtualBox_.bf.delayed]
[www.kaizenmantra.net/blog/category/Microsoft.html]
[www.kaizenmantra.net/blog/sl8.com/2008/02/microsoft-ux-or-we-suggest-you-dont-ask.html]
[www.kaizenmantra.net/blog/sl8.com/2009/10/open-source-bi-on-cloud22c8.html]
[www.kaizenmantra.net/blog/sl8.com/2009/10/open-source-bi-on-cloud.html]
[www.kaizenmantra.net/blog/category/_Open+Source_.html]
[www.kaizenmantra.net/blog/sl8.com/2009/09/yahoo-boss-someone-was-thinking-blue22c8.html]
[www.kaizenmantra.net/blog/sl8.com/2009/09/yahoo-boss-someone-was-thinking-blue.html]
[www.kaizenmantra.net/blog/2009/05/love-is-in-airhtml22c8.html]
[www.kaizenmantra.net/blog/2009/05/love-is-in-airhtml.html]
[www.kaizenmantra.net/blog/sl8.com/2008/11/beyond-good-enough-pictorial22c8.html]
[www.kaizenmantra.net/blog/sl8.com/2008/11/beyond-good-enough-pictorial.html]
[www.kaizenmantra.net/blog/sl8.com/2008/11/gmail-theme-on-mainframe.html]
[www.kaizenmantra.net/blog/sl8.com/2008/06/beyond-good-enough22c8.html]
[www.kaizenmantra.net/blog/sl8.com/2008/06/beyond-good-enough.html]
[www.kaizenmantra.net/blog/sl8.com/2008/06/why-good-enough-is-not-good-enough22c8.html]
[www.kaizenmantra.net/blog/sl8.com/2008/06/why-good-enough-is-not-good-enough.html]
[www.kaizenmantra.net/blog/sl8.com/2008/06/iphone-mimiquewhy-open-source-can-be-so22c8.html]
[www.kaizenmantra.net/blog/sl8.com/2008/06/iphone-mimiquewhy-open-source-can-be-so.html]
[www.kaizenmantra.net/blog/category/_Android_.html]
[www.kaizenmantra.net/blog/sl8.com/2008/06/rule-of-two-product-design-heuristics22c8.html]
[www.kaizenmantra.net/blog/sl8.com/2008/06/rule-of-two-product-design-heuristics.html]
[www.kaizenmantra.net/blog/sl8.com/2008/06/duct-tape-saving-world-from-bad-design22c8.html]
[www.kaizenmantra.net/blog/sl8.com/2008/06/duct-tape-saving-world-from-bad-design.html]
[www.kaizenmantra.net/blog/category/_Duct+Tape_.html]
[www.kaizenmantra.net/blog/sl8.com/2008/05/integration-next-compass-feature-of22c8.html]
[www.kaizenmantra.net/blog/sl8.com/2008/05/integration-next-compass-feature-of.html]
[www.kaizenmantra.net/blog/sl8.com/2008/05/integration-next-physical-objects22c8.html]
[www.kaizenmantra.net/blog/sl8.com/2008/05/integration-next-physical-objects.html]
[www.kaizenmantra.net/blog/sl8.com/2008/05/new-opportunities22c8.html]
[www.kaizenmantra.net/blog/sl8.com/2008/05/new-opportunities.html]
[www.kaizenmantra.net/blog/category/_Sustainability_.html]
[www.kaizenmantra.net/blog/sl8.com/2008/05/greenwash-me-with-design.html]
[www.kaizenmantra.net/blog/category/_Environment_.cf.delayed]
[www.kaizenmantra.net/blog/category/_Green_.d0.delayed]
[www.kaizenmantra.net/blog/sl8.com/2008/02/why-design-innovation-is-next-frontier.html]
[www.kaizenmantra.net/blog/category/_Businessweek_.d2.delayed]
[www.kaizenmantra.net/blog62c4.html]
[www.kaizenmantra.net/blogdc7a.html]
[www.kaizenmantra.net/blog/2010/12/spiderman-pjs-on-southwest-airlineshtml22c8.html]
[www.kaizenmantra.net/blog/2010/12/_http_/bit.ly/1gW9V3S__Image.d5.delayed]
[www.kaizenmantra.net/blog/2010/12/_http_/bit.ly/1dCfkrF__Southwest's.d6.delayed]
[www.kaizenmantra.net/blog/2010/12/spiderman-pjs-on-southwest-airlineshtml.html]
[www.kaizenmantra.net/blog/category/Customer+Service.html]
[www.kaizenmantra.net/blog/sl8.com/2010/05/get-it-doneeven-if-it-aint-perfect22c8.html]
[www.kaizenmantra.net/blog/sl8.com/2010/05/get-it-doneeven-if-it-aint-perfect.html]
[www.kaizenmantra.net/blog/sl8.com/2009/07/its-people-stupid22c8.html]
[www.kaizenmantra.net/blog/sl8.com/2009/07/its-people-stupid.html]
[www.kaizenmantra.net/blog/sl8.com/2009/08/my-first-sketchflow-app_3.html]
[www.kaizenmantra.net/blog/2009/07/good-to-great-hsbc-india-branch-locatorhtml22c8.html]
[www.kaizenmantra.net/blog/2009/07/good-to-great-hsbc-india-branch-locatorhtml.html]
[www.kaizenmantra.net/blog/2009/05/recessionwhat-recession-conditionshtml22c8.html]
[www.kaizenmantra.net/blog/2009/05/recessionwhat-recession-conditionshtml.html]
[www.kaizenmantra.net/blog/2009/04/see-something-do-somethinghtml22c8.html]
[www.kaizenmantra.net/blog/2009/04/see-something-do-somethinghtml.html]
[www.kaizenmantra.net/blog/2009/02/get-out-of-my-way-just-fax-maamhtml22c8.html]
[www.kaizenmantra.net/blog/2009/02/get-out-of-my-way-just-fax-maamhtml.html]
[www.kaizenmantra.net/blog/sl8.com/2008/06/contrarian-viewpointwhy-good-enough-is22c8.html]
[www.kaizenmantra.net/blog/sl8.com/2008/06/contrarian-viewpointwhy-good-enough-is.html]
[www.kaizenmantra.net/blog/2018/10/27/an-ode-to-fall22c8.html]
[www.kaizenmantra.net/blog/2018/9/9/simple-truth-of-successful-projects22c8.html]
[www.kaizenmantra.net/blog/2012/11/responsive-web-design-options-forhtml22c8.html]
[www.kaizenmantra.net/blog/2012/11/_http_/bit.ly/1cG9cjL__Image.e0.delayed]
[www.kaizenmantra.net/blog/2012/11/_http_/bit.ly/1eavRYA__Image.e1.delayed]
[www.kaizenmantra.net/blog/2012/11/_http_/bit.ly/1bCPxQz__Image.e2.delayed]
[www.kaizenmantra.net/blog/2012/11/_http_/bit.ly/18IP4ft__Image.e3.delayed]
[www.kaizenmantra.net/blog/2012/11/responsive-web-design-options-forhtml.html]
[www.kaizenmantra.net/blog/category/HTML5.html]
[www.kaizenmantra.net/blog/sl8.com/2012/08/mobile-apps-backend-as-service22c8.html]
[www.kaizenmantra.net/blog/sl8.com/2012/08/mobile-apps-backend-as-service.html]
[www.kaizenmantra.net/blog/sl8.com/2012/07/mobile-apps-saving-user-preferences22c8.html]
[www.kaizenmantra.net/blog/sl8.com/2012/07/mobile-apps-saving-user-preferences.html]
[www.kaizenmantra.net/blog/sl8.com/2011/12/html5-for-mobile-comparing-jquerymobile22c8.html]
[www.kaizenmantra.net/blog/sl8.com/2011/12/html5-for-mobile-comparing-jquerymobile.html]
[www.kaizenmantra.net/blog/2011/01/unhelpful-error-messages-anybodyhtml22c8.html]
[www.kaizenmantra.net/blog/2011/01/unhelpful-error-messages-anybodyhtml.html]
[www.kaizenmantra.net/blog/2010/09/look-ma-no-directionshtml22c8.html]
[www.kaizenmantra.net/blog/2010/09/look-ma-no-directionshtml.html]
[www.kaizenmantra.net/blog/category/Usability.html]
[www.kaizenmantra.net/blog/2010/09/techie-post-using-net-colors-class-withhtml22c8.html]
[www.kaizenmantra.net/blog/2010/09/techie-post-using-net-colors-class-withhtml.html]
[www.kaizenmantra.net/blog/category/_Silverlight_.html]
[www.kaizenmantra.net/blog/sl8.com/2010/01/for-adobe-as3-xmlns-non-sense_1222c8.html]
[www.kaizenmantra.net/blog/sl8.com/2010/01/for-adobe-as3-xmlns-non-sense_12.html]
[www.kaizenmantra.net/blog/category/_Adobe_.html]
[www.kaizenmantra.net/blog899c.html]
[www.kaizenmantra.net/blog/2015/2/7/making-titanium-studio-shortcut-on-ubuntu-1404lts22c8.html]
[www.kaizenmantra.net/blog/2014/6/13/the-rule-of-three22c8.html]
[www.kaizenmantra.net/blog2e37.html]
[www.kaizenmantra.net/blog/sl8.com/2013/02/the-hardest-thing-to-do-is-doing-what22c8.html]
[www.kaizenmantra.net/blog/sl8.com/2013/02/_http_/bit.ly/1faTSeB__Young.ed.delayed]
[www.kaizenmantra.net/blog/sl8.com/2013/02/the-hardest-thing-to-do-is-doing-what.html]
[www.kaizenmantra.net/blog/2014/5/20/google-glass-social-design-challenge22c8.html]
[www.kaizenmantra.net/blog/2014/1/13/native-mobile-app-for-salesforce-communities-part-4-integration22c8.html]
[www.kaizenmantra.net/blog/sl8.com/2012/02/html5-mobile-apps-builder-easy-peasy22c8.html]
[www.kaizenmantra.net/blog/sl8.com/2012/02/html5-mobile-apps-builder-easy-peasy.html]
[www.kaizenmantra.net/blog/2014/1/9/native-mobile-app-for-salesforce-communities-part-3-mobile-ui-design22c8.html]
[www.kaizenmantra.net/blog/2013/12/24/native-mobile-app-for-salesforce-communities-part-2-authentication22c8.html]
[www.kaizenmantra.net/blog/2013/12/24/_http_/bit.ly/1czzaHz___span_Understanding.html]
[www.kaizenmantra.net/blog/2013/12/15/native-mobile-app-for-salesforce-communities-part-122c8.html]
[www.kaizenmantra.net/blog/2013/12/15/_http_/bit.ly/1fGzl2o__Communities.html]
[www.kaizenmantra.net/blog/2013/12/15/_http_/bit.ly/1e9xkdn__Salesforce1.html]
[www.kaizenmantra.net/blog/2013/12/15/_http_/bit.ly/1gAAADk__Salesforce.html]
[www.kaizenmantra.net/blog/2013/12/15/_http_/bit.ly/1fog4lr__Titanium.html]
[www.kaizenmantra.net/blog/2013/12/13/plain-english-internet-of-things-architecture-part-422c8.html]
[www.kaizenmantra.net/blog/2013/12/13/_http_/bit.ly/1ig3Qj7__Automatic.html]
[www.kaizenmantra.net/blog/2013/12/13/_http_/creativecommons.org/licenses/by-sa/4.0/__Creative.html]
[www.kaizenmantra.net/blog/2013/12/13/_https_/nest.com/__Nest_/a__/p__.html]
[www.kaizenmantra.net/blog/2013/12/13/_http_/bit.ly/1d6w5Nm__Salesforce1_/a__/p__.html]
[www.kaizenmantra.net/blog/2013/12/13/_http_/blog.broadcom.com/wireless-technology/exploring-wiceds-wearables-the-open-frontier-of-the-internet-of-things/__The.html]
[www.kaizenmantra.net/blog/2013/12/12/plain-english-internet-of-things-architecture-part-322c8.html]
[www.kaizenmantra.net/blog/2013/12/12/_http_/creativecommons.org/licenses/by-sa/4.0/__Creative.html]
[www.kaizenmantra.net/blog/2013/12/12/_http_/bit.ly/1bK7iOW__Etherios.html]
[www.kaizenmantra.net/blog/2013/12/12/_http_/bit.ly/1gutd02__Machine.html]
[www.kaizenmantra.net/blog/2013/12/13/plain-english-internet-of-things-architecture-part-222c8.html]
[www.kaizenmantra.net/blog/2013/12/13/_http_/www.etherios.com/products/devicecloud/__Etherios.html]
[www.kaizenmantra.net/blog/2013/12/13/_http_/www.axeda.com/products/m2m-connectivity__Axeda.html]
[www.kaizenmantra.net/blog/2013/12/13/_http_/newsinternational.github.io/iot-assistant/__sample.html]
[www.kaizenmantra.net/blog/2013/12/13/_https_/www.heroku.com/__Heroku_/a__/p__.html]
[www.kaizenmantra.net/blog/2013/12/11/an-english-version-of-the-internet-of-things-part-122c8.html]
[www.kaizenmantra.net/blog/2013/12/11/_http_/bit.ly/18VtW8k__Why.html]
[www.kaizenmantra.net/blog/2013/12/11/_http_/creativecommons.org/licenses/by-sa/4.0/__Creative.html]
[www.kaizenmantra.net/blog/2013/12/11/_http_/bit.ly/Jl9t1h__Electric.html]
[www.kaizenmantra.net/blog/2013/12/11/_http_/www.libelium.com/__Libelium_/a__/p__/p__.html]
[www.kaizenmantra.net/blog/2013/12/11/_http_/bigbellysolar.com/solutions/stations/smartbelly/__Bigbelly.html]
[www.kaizenmantra.net/blog/2013/12/11/_http_/www.mylively.com/__Lively_/a__br.html]
[www.kaizenmantra.net/blog/2013/12/11/_http_/www.fitbit.com/home__Fitbit_/a__/p__/p__.html]
[www.kaizenmantra.net/blog/2013/12/9/from-idea-to-mobile-app-ux-design-and-prototyping-framework22c8.html]
[www.kaizenmantra.net/_http_/www.youtube.com/embed/Srb9w8rsYEgaa0e.html]
[www.kaizenmantra.net/blog/2013/12/9/_http_/www.youtube.com/embed/Srb9w8rsYEg45e2.html]
[www.kaizenmantra.net/blog/2013/05/is-trust-product-of-transparent-intenthtml22c8.html]
[www.kaizenmantra.net/blog/2013/05/is-trust-product-of-transparent-intenthtml.html]
[www.kaizenmantra.net/blog/category/Marketing.html]
[www.kaizenmantra.net/blog/2011/04/let-play-image-sliderhtml22c8.html]
[www.kaizenmantra.net/blog/2011/04/let-play-image-sliderhtml.html]
[www.kaizenmantra.net/blog/category/Interaction+Design.html]
[www.kaizenmantra.net/blog/2011/04/et-tu-apple-someone-was-asleep-at-wheelhtml22c8.html]
[www.kaizenmantra.net/blog/2011/04/et-tu-apple-someone-was-asleep-at-wheelhtml.html]
[www.kaizenmantra.net/blog/2011/01/ux-and-softwarehtml22c8.html]
[www.kaizenmantra.net/blog/2011/01/_http_/bit.ly/1d7FLXX__SAP.f3.delayed]
[www.kaizenmantra.net/blog/2011/01/ux-and-softwarehtml.html]
[www.kaizenmantra.net/blog/sl8.com/2010/09/disconnected-ux-no-sales-lost_2822c8.html]
[www.kaizenmantra.net/blog/sl8.com/2010/09/disconnected-ux-no-sales-lost_28.html]
[www.kaizenmantra.net/blog/2010/09/bad-product-design-advertisementhtml22c8.html]
[www.kaizenmantra.net/blog/2010/09/bad-product-design-advertisementhtml.html]
[www.kaizenmantra.net/blog/sl8.com/2009/12/can-they-even-see-your-site22c8.html]
[www.kaizenmantra.net/blog/sl8.com/2009/12/can-they-even-see-your-site.html]
[www.kaizenmantra.net/blog/category/_web_.html]
[www.kaizenmantra.net/blog/sl8.com/2009/12/my-10-yrs-old-toothbrush22c8.html]
[www.kaizenmantra.net/blog/sl8.com/2009/12/my-10-yrs-old-toothbrush.html]
[www.kaizenmantra.net/blog/sl8.com/2009/09/uxui-for-dummies-screenshot22c8.html]
[www.kaizenmantra.net/blog/sl8.com/2009/09/uxui-for-dummies-screenshot.html]
[www.kaizenmantra.net/blog/sl8.com/2009/09/sketchflow-to-resources_3.html]
[www.kaizenmantra.net/blog/2009/02/my-first-silverlight-apphtml22c8.html]
[www.kaizenmantra.net/blog/2009/02/my-first-silverlight-apphtml.html]
[www.kaizenmantra.net/blog/2009/02/quince-user-experience-explorerhtml.html]
[www.kaizenmantra.net/blog/category/_UX_.html]
[www.kaizenmantra.net/blog/sl8.com/2009/01/book-review-outliers-by-malcolm.html]
[www.kaizenmantra.net/blogf577.html]
[www.kaizenmantra.net/blog8144.html]
[www.kaizenmantra.net/blog/2012/05/30/product-centric-or-customer-centric-you-decid22c8.html]
[www.kaizenmantra.net/blog/2012/05/30/_http_/www.microsoft.com/en-us/default.aspx__Microsoft_/a__/p__.ff.delayed]
[www.kaizenmantra.net/blog/2012/05/30/_http_/www.oracle.com/index.html__Oracle_/a__/p__.100.delayed]
[www.kaizenmantra.net/blog/2012/05/30/_http_/www.salesforce.com/__Salesforce_/a__/p__.101.delayed]
[www.kaizenmantra.net/blog/2012/05/30/_http_/www.sap.com/index.html__SAP_/a__/p__.102.delayed]
[www.kaizenmantra.net/blog/2012/05/30/product-centric-or-customer-centric-you-decid.html]
[www.kaizenmantra.net/blog/2010/09/washing-feet-at-niagara-fallshtml22c8.html]
[www.kaizenmantra.net/blog/2010/09/washing-feet-at-niagara-fallshtml.html]
[www.kaizenmantra.net/blog/category/Anthropology.html]
[www.kaizenmantra.net/blog/sl8.com/2010/09/clearly-confused22c8.html]
[www.kaizenmantra.net/blog/sl8.com/2010/09/clearly-confused.html]
[www.kaizenmantra.net/blog/sl8.com/2008/05/why-automation-online-ordering-will-not22c8.html]
[www.kaizenmantra.net/blog/sl8.com/2008/05/why-automation-online-ordering-will-not.html]
[www.kaizenmantra.net/blog/sl8.com/2008/05/book-review-out-of-poverty.html]
[www.kaizenmantra.net/blogc290.html]
[www.kaizenmantra.net/blog/sl8.com/2013/12/how-inccom-lost-my-trust22c8.html]
[www.kaizenmantra.net/blog/sl8.com/2013/11/changing-file-explorer-font-size-on22c8.html]
[www.kaizenmantra.net/blog/sl8.com/2013/07/white-glyphish-icons-for-download22c8.html]
[www.kaizenmantra.net/blog/sl8.com/2013/07/_http_/www.glyphish.com/__Glyphish.com_/a__/p__.html]
[www.kaizenmantra.net/blog7800.html]
[www.kaizenmantra.net/blog/sl8.com/2012/07/battle-of-senses-orange-juice-ux22c8.html]
[www.kaizenmantra.net/blog/sl8.com/2012/07/battle-of-senses-orange-juice-ux.html]
[www.kaizenmantra.net/blog42ef.html]
[www.kaizenmantra.net/blog/category/_Prototyping_.109.delayed]
[www.kaizenmantra.net/blog/category/_Sketchflow_.10a.delayed]
[www.kaizenmantra.net/blog7fc8.html]
[www.kaizenmantra.net/blog5036.html]
[www.kaizenmantra.net/bloga409]
[www.kaizenmantra.net/blog/sl8.com/2011/10/remembering-steve-jobs22c8.html]
[www.kaizenmantra.net/blog82eb.html]
[www.kaizenmantra.net/blog/sl8.com/2008/12/grass-on-other-side-of-fence22c8.html]
[www.kaizenmantra.net/blog/sl8.com/2008/12/grass-on-other-side-of-fence.html]
[www.kaizenmantra.net/blog/2011/03/product-designers-vs-backoffice-guyshtml22c8.html]
[www.kaizenmantra.net/blog/sl8.com/2010/09/what-will-we-build22c8.html]
[www.kaizenmantra.net/blog/2010/09/what-not-to-do-with-something-reallyhtml22c8.html]
[www.kaizenmantra.net/blog/sl8.com/2010/01/future-of-app-development-forcecom22c8.html]
[www.kaizenmantra.net/blog/sl8.com/2009/10/what-would-online-search-do22c8.html]
[www.kaizenmantra.net/blog/sl8.com/2009/10/review-stickysorter-free-cardsorter_2022c8.html]
[www.kaizenmantra.net/blog/sl8.com/2009/10/review-stickysorter-free-cardsorter_20.html]
[www.kaizenmantra.net/blog/sl8.com/2009/01/windows-on-mac-virtualbox-techie-post22c8.html]
[www.kaizenmantra.net/blog/sl8.com/2009/01/windows-on-mac-virtualbox-techie-post.html]
[www.kaizenmantra.net/blog/category/_VirtualBox_.html]
[www.kaizenmantra.net/blog/sl8.com/2008/02/microsoft-ux-or-we-suggest-you-dont-ask22c8.html]
[www.kaizenmantra.net/blog/sl8.com/2008/02/microsoft-ux-or-we-suggest-you-dont-ask.html]
[www.kaizenmantra.net/blog/sl8.com/2009/10/open-source-bi-on-cloud22c8.html]
[www.kaizenmantra.net/blog/sl8.com/2009/09/yahoo-boss-someone-was-thinking-blue22c8.html]
[www.kaizenmantra.net/blog/2009/05/love-is-in-airhtml22c8.html]
[www.kaizenmantra.net/blog/sl8.com/2008/11/beyond-good-enough-pictorial22c8.html]
[www.kaizenmantra.net/blog/sl8.com/2008/02/why-weathercom-sucks.html]
[www.kaizenmantra.net/blog/sl8.com/2008/11/gmail-theme-on-mainframe22c8.html]
[www.kaizenmantra.net/blog/category/_Humor_.113.delayed]
[www.kaizenmantra.net/blog/sl8.com/2008/11/gmail-theme-on-mainframe.html]
[www.kaizenmantra.net/blog/sl8.com/2008/06/beyond-good-enough22c8.html]
[www.kaizenmantra.net/blog/sl8.com/2008/06/why-good-enough-is-not-good-enough22c8.html]
[www.kaizenmantra.net/blog/sl8.com/2008/06/iphone-mimiquewhy-open-source-can-be-so22c8.html]
[www.kaizenmantra.net/blog/sl8.com/2008/06/rule-of-two-product-design-heuristics22c8.html]
[www.kaizenmantra.net/blog/sl8.com/2008/06/duct-tape-saving-world-from-bad-design22c8.html]
[www.kaizenmantra.net/blog/sl8.com/2008/05/integration-next-compass-feature-of22c8.html]
[www.kaizenmantra.net/blog/sl8.com/2008/05/integration-next-physical-objects22c8.html]
[www.kaizenmantra.net/blog/sl8.com/2008/05/new-opportunities22c8.html]
[www.kaizenmantra.net/blog/sl8.com/2008/05/greenwash-me-with-design22c8.html]
[www.kaizenmantra.net/blog/sl8.com/2008/05/greenwash-me-with-design.html]
[www.kaizenmantra.net/blog/category/_Environment_.html]
[www.kaizenmantra.net/blog/category/_Green_.html]
[www.kaizenmantra.net/blog/sl8.com/2008/02/why-design-innovation-is-next-frontier22c8.html]
[www.kaizenmantra.net/blog/sl8.com/2008/02/why-design-innovation-is-next-frontier.html]
[www.kaizenmantra.net/blog/category/_Businessweek_.html]
[www.kaizenmantra.net/blogdc7a.html]
[www.kaizenmantra.net/blog/2010/12/spiderman-pjs-on-southwest-airlineshtml22c8.html]
[www.kaizenmantra.net/blog/2010/12/_http_/bit.ly/1gW9V3S__Image.html]
[www.kaizenmantra.net/blog/2010/12/_http_/bit.ly/1dCfkrF__Southwest's.html]
[www.kaizenmantra.net/blog/sl8.com/2010/05/get-it-doneeven-if-it-aint-perfect22c8.html]
[www.kaizenmantra.net/blog/sl8.com/2009/07/its-people-stupid22c8.html]
[www.kaizenmantra.net/blog/sl8.com/2008/02/do-you-love-your-grumpy-customers.html]
[www.kaizenmantra.net/blog/sl8.com/2009/08/my-first-sketchflow-app_322c8.html]
[www.kaizenmantra.net/blog/sl8.com/2009/08/my-first-sketchflow-app_3.html]
[www.kaizenmantra.net/blog/2009/07/good-to-great-hsbc-india-branch-locatorhtml22c8.html]
[www.kaizenmantra.net/blog/2009/05/recessionwhat-recession-conditionshtml22c8.html]
[www.kaizenmantra.net/blog/2009/04/see-something-do-somethinghtml22c8.html]
[www.kaizenmantra.net/blog/2009/02/get-out-of-my-way-just-fax-maamhtml22c8.html]
[www.kaizenmantra.net/blog/sl8.com/2008/06/contrarian-viewpointwhy-good-enough-is22c8.html]
[www.kaizenmantra.net/blog/2012/11/responsive-web-design-options-forhtml22c8.html]
[www.kaizenmantra.net/blog/2012/11/_http_/bit.ly/1cG9cjL__Image.html]
[www.kaizenmantra.net/blog/2012/11/_http_/bit.ly/1eavRYA__Image.html]
[www.kaizenmantra.net/blog/2012/11/_http_/bit.ly/1bCPxQz__Image.html]
[www.kaizenmantra.net/blog/2012/11/_http_/bit.ly/18IP4ft__Image.html]
[www.kaizenmantra.net/blog/sl8.com/2012/08/mobile-apps-backend-as-service22c8.html]
[www.kaizenmantra.net/blog/sl8.com/2012/07/mobile-apps-saving-user-preferences22c8.html]
[www.kaizenmantra.net/blog/sl8.com/2011/12/html5-for-mobile-comparing-jquerymobile22c8.html]
[www.kaizenmantra.net/blog/2011/01/unhelpful-error-messages-anybodyhtml22c8.html]
[www.kaizenmantra.net/blog/2010/09/look-ma-no-directionshtml22c8.html]
[www.kaizenmantra.net/blog/2010/09/techie-post-using-net-colors-class-withhtml22c8.html]
[www.kaizenmantra.net/blog/sl8.com/2010/01/for-adobe-as3-xmlns-non-sense_1222c8.html]
[www.kaizenmantra.net/blog2e37.html]
[www.kaizenmantra.net/blog/sl8.com/2013/02/the-hardest-thing-to-do-is-doing-what22c8.html]
[www.kaizenmantra.net/blog/sl8.com/2013/02/_http_/bit.ly/1faTSeB__Young.html]
[www.kaizenmantra.net/blog/sl8.com/2012/02/html5-mobile-apps-builder-easy-peasy22c8.html]
[www.kaizenmantra.net/blog/2013/05/is-trust-product-of-transparent-intenthtml22c8.html]
[www.kaizenmantra.net/blog/2011/04/let-play-image-sliderhtml22c8.html]
[www.kaizenmantra.net/blog/2011/04/et-tu-apple-someone-was-asleep-at-wheelhtml22c8.html]
[www.kaizenmantra.net/blog/2011/01/ux-and-softwarehtml22c8.html]
[www.kaizenmantra.net/blog/2011/01/_http_/bit.ly/1d7FLXX__SAP.html]
[www.kaizenmantra.net/blog/sl8.com/2010/09/disconnected-ux-no-sales-lost_2822c8.html]
[www.kaizenmantra.net/blog/2010/09/bad-product-design-advertisementhtml22c8.html]
[www.kaizenmantra.net/blog/sl8.com/2009/12/can-they-even-see-your-site22c8.html]
[www.kaizenmantra.net/blog/sl8.com/2009/12/my-10-yrs-old-toothbrush22c8.html]
[www.kaizenmantra.net/blog/sl8.com/2009/09/uxui-for-dummies-screenshot22c8.html]
[www.kaizenmantra.net/blog/sl8.com/2009/09/sketchflow-to-resources_322c8.html]
[www.kaizenmantra.net/blog/sl8.com/2009/09/sketchflow-to-resources_3.html]
[www.kaizenmantra.net/blog/2009/02/my-first-silverlight-apphtml22c8.html]
[www.kaizenmantra.net/blog/sl8.com/2009/01/book-review-outliers-by-malcolm22c8.html]
[www.kaizenmantra.net/blog/category/_Book+Review_.11a.delayed]
[www.kaizenmantra.net/blog/category/_Malcolm+Gladwell_.11b.delayed]
[www.kaizenmantra.net/blog/category/_Outliers_.11c.delayed]
[www.kaizenmantra.net/blog/sl8.com/2009/01/book-review-outliers-by-malcolm.html]
[www.kaizenmantra.net/blog8144.html]
[www.kaizenmantra.net/blog/2012/05/30/product-centric-or-customer-centric-you-decid22c8.html]
[www.kaizenmantra.net/blog/2012/05/30/_http_/www.microsoft.com/en-us/default.aspx__Microsoft_/a__/p__.html]
[www.kaizenmantra.net/blog/2012/05/30/_http_/www.oracle.com/index.html__Oracle_/a__/p__.html]
[www.kaizenmantra.net/blog/2012/05/30/_http_/www.salesforce.com/__Salesforce_/a__/p__.html]
[www.kaizenmantra.net/blog/2012/05/30/_http_/www.sap.com/index.html__SAP_/a__/p__.html]
[www.kaizenmantra.net/blog/2010/09/washing-feet-at-niagara-fallshtml22c8.html]
[www.kaizenmantra.net/blog/sl8.com/2010/09/clearly-confused22c8.html]
[www.kaizenmantra.net/blog/sl8.com/2008/05/why-automation-online-ordering-will-not22c8.html]
[www.kaizenmantra.net/blog/sl8.com/2008/05/book-review-out-of-poverty22c8.html]
[www.kaizenmantra.net/blog/category/_Out+Of+Poverty_.11e.delayed]
[www.kaizenmantra.net/blog/sl8.com/2008/05/book-review-out-of-poverty.html]
[www.kaizenmantra.net/blog7800.html]
[www.kaizenmantra.net/blog/sl8.com/2012/07/battle-of-senses-orange-juice-ux22c8.html]
[www.kaizenmantra.net/blog/category/_Prototyping_.html]
[www.kaizenmantra.net/blog/category/_Sketchflow_.html]
[www.kaizenmantra.net/blog7fc8.html]
[www.kaizenmantra.net/blog/sl8.com/2008/04/googles-custom-time-what-great-concept.html]
[www.kaizenmantra.net/blog8d39.html]
[www.kaizenmantra.net/blog82eb.html]
[www.kaizenmantra.net/businessmodeldesign]
[www.kaizenmantra.net/technologyprojects]
[www.kaizenmantra.net/digitalpersuasion]
[www.kaizenmantra.net/designanalysis]
[www.kaizenmantra.net/communicationdesign]
[www.kaizenmantra.net/datavisualization1]
[www.kaizenmantra.net/observingusers1]
[www.kaizenmantra.net/businesscapabilities]
[www.kaizenmantra.net/portfoliorationalization]
[www.kaizenmantra.net/blog/sl8.com/2008/12/grass-on-other-side-of-fence22c8.html]
[www.kaizenmantra.net/blog/sl8.com/2009/10/review-stickysorter-free-cardsorter_2022c8.html]
[www.kaizenmantra.net/blog/sl8.com/2009/01/windows-on-mac-virtualbox-techie-post22c8.html]
[www.kaizenmantra.net/blog/sl8.com/2008/02/microsoft-ux-or-we-suggest-you-dont-ask22c8.html]
[www.kaizenmantra.net/blogeafa.html]
[www.kaizenmantra.net/blog/sl8.com/2008/02/why-weathercom-sucks22c8.html]
[www.kaizenmantra.net/blog/sl8.com/2008/02/why-weathercom-sucks.html]
[www.kaizenmantra.net/blog/sl8.com/2008/11/gmail-theme-on-mainframe22c8.html]
[www.kaizenmantra.net/blog/category/_Humor_.html]
[www.kaizenmantra.net/blog/sl8.com/2008/05/greenwash-me-with-design22c8.html]
[www.kaizenmantra.net/blog/sl8.com/2008/02/why-design-innovation-is-next-frontier22c8.html]
[www.kaizenmantra.net/blog/sl8.com/2008/02/do-you-love-your-grumpy-customers22c8.html]
[www.kaizenmantra.net/blog/sl8.com/2008/02/do-you-love-your-grumpy-customers.html]
[www.kaizenmantra.net/blog/sl8.com/2009/08/my-first-sketchflow-app_322c8.html]
[www.kaizenmantra.net/blog/sl8.com/2009/09/sketchflow-to-resources_322c8.html]
[www.kaizenmantra.net/blog/sl8.com/2009/01/book-review-outliers-by-malcolm22c8.html]
[www.kaizenmantra.net/blog/category/_Book+Review_.html]
[www.kaizenmantra.net/blog/category/_Malcolm+Gladwell_.html]
[www.kaizenmantra.net/blog/category/_Outliers_.html]
[www.kaizenmantra.net/blog/sl8.com/2008/05/book-review-out-of-poverty22c8.html]
[www.kaizenmantra.net/blog/category/_Out+Of+Poverty_.html]
[www.kaizenmantra.net/blog/sl8.com/2008/02/team-players-team-spirit.html]
[www.kaizenmantra.net/blog/sl8.com/2008/04/googles-custom-time-what-great-concept22c8.html]
[www.kaizenmantra.net/blog/sl8.com/2008/04/googles-custom-time-what-great-concept.html]
[www.kaizenmantra.net/blog8d39.html]
[www.kaizenmantra.net/blogeafa.html]
[www.kaizenmantra.net/blog/sl8.com/2008/02/why-weathercom-sucks22c8.html]
[www.kaizenmantra.net/blog/sl8.com/2008/02/do-you-love-your-grumpy-customers22c8.html]
[www.kaizenmantra.net/blogf832.html]
[www.kaizenmantra.net/blog/sl8.com/2008/02/team-players-team-spirit22c8.html]
[www.kaizenmantra.net/blog/sl8.com/2008/02/team-players-team-spirit.html]
[www.kaizenmantra.net/blog/2009/02/quince-user-experience-explorerhtml22c8]
[www.kaizenmantra.net/blog/sl8.com/2008/04/googles-custom-time-what-great-concept22c8.html]
[www.kaizenmantra.net/blogf832.html]
[www.kaizenmantra.net/blog/sl8.com/2008/02/team-players-team-spirit22c8.html]
